{
 "env": {
  "status": "nested",
  "value": {
   "node": {
    "status": "unmodified",
    "value": true,
    "type": "boolean"
   },
   "browser": {
    "status": "added",
    "value": true,
    "type": "boolean"
   }
  }
 },
 "extends": {
  "status": "unmodified",
  "value": [
   "airbnb-base",
   "plugin:jest/recommended"
  ],
  "type": "array"
 },
 "plugins": {
  "status": "modified",
  "value": [
   "import"
  ],
  "prevValue": [
   "import",
   "jest"
  ],
  "type": "array",
  "prevType": "array"
 },
 "parserOptions": {
  "status": "deleted",
  "value": {
   "ecmaVersion": 2020
  },
  "type": "complex"
 },
 "rules": {
  "status": "nested",
  "value": {
   "no-console": {
    "status": "unmodified",
    "value": 0,
    "type": "number"
   },
   "import/extensions": {
    "status": "unmodified",
    "value": 0,
    "type": "number"
   },
   "linebreak-style": {
    "status": "unmodified",
    "value": [
     "error",
     "unix"
    ],
    "type": "array"
   },
   "no-underscore-dangle": {
    "status": "unmodified",
    "value": 0,
    "type": "number"
   },
   "object-curly-newline": {
    "status": "deleted",
    "value": "off",
    "type": "string"
   }
  }
 }
}