[
 {
  "key": "setting1",
  "value": "0",
  "isComplex": false,
  "status": "deleted"
 },
 {
  "key": "setting2",
  "value": "10",
  "status": "unmodified"
 },
 {
  "key": "section1",
  "children": [
   {
    "key": "setting3",
    "value": "ins.ico",
    "isComplex": false,
    "prevValue": "install.ico",
    "isPrevComplex": false,
    "status": "modified"
   }
  ],
  "status": "nested"
 },
 {
  "key": "section2",
  "value": {},
  "isComplex": true,
  "status": "deleted"
 },
 {
  "key": "section3",
  "children": [
   {
    "key": "IconIndex",
    "value": "1",
    "isComplex": false,
    "prevValue": "0",
    "isPrevComplex": false,
    "status": "modified"
   },
   {
    "key": "InfoTip",
    "value": "Description",
    "status": "unmodified"
   },
   {
    "key": "value",
    "value": "8",
    "isComplex": false,
    "prevValue": "6",
    "isPrevComplex": false,
    "status": "modified"
   }
  ],
  "status": "nested"
 },
 {
  "key": "setting0",
  "value": "0",
  "isComplex": false,
  "status": "added"
 }
]