{
  - setting1: 0
    setting2: 10
    section1: {
      - setting3: install.ico
      + setting3: ins.ico
    }
  - section2: {}
    section3: {
      - IconIndex: 0
      + IconIndex: 1
        InfoTip: Description
      - value: 6
      + value: 8
    }
  + setting0: 0
}