Property 'env.browser' was added with value: true
Property 'plugins' was updated. From [import, jest] to [import]
Property 'parserOptions' was removed
Property 'rules.object-curly-newline' was removed